// Jest Snapshot v1, https://goo.gl/fbAQLP

exports[`About App component 1`] = `
Object {
  "asFragment": [Function],
  "baseElement": <body>
    <div>
      <div
        class="App"
      >
        <div>
          <div
            class="chalkboard"
          >
            <div
              class="burger-queen"
            >
              <img
                alt="crown"
                class="crown"
                src="crown.png"
              />
              ;
              <img
                alt="hamburger"
                class="burger"
                src="hamburger.png"
              />
              ;
            </div>
            <div
              class="form"
            >
              <h1
                class="title"
              >
                BURGER QUEEN
              </h1>
              <h2
                class="log.in"
              >
                Iniciar sesión
              </h2>
              <form
                class="inputs"
              >
                <select>
                  <option>
                    Administrador
                  </option>
                  <option>
                    Mesero
                  </option>
                  <option>
                    Cocina
                  </option>
                </select>
                <input
                  class="e-mail"
                  placeholder="Correo electrónico"
                  value=""
                />
                <input
                  class="password"
                  placeholder="Contraseña"
                  type="password"
                  value=""
                />
                <button
                  type="submit"
                >
                  Ingresar
                </button>
              </form>
            </div>
          </div>
        </div>
      </div>
    </div>
    <div>
      <div
        class="breakfast"
      >
        <h1
          class="title"
        >
          Aqui van los desayunos 
        </h1>
        <button
          class="exit"
          type="button"
        >
          Salir
        </button>
      </div>
    </div>
  </body>,
  "container": <div>
    <div
      class="breakfast"
    >
      <h1
        class="title"
      >
        Aqui van los desayunos 
      </h1>
      <button
        class="exit"
        type="button"
      >
        Salir
      </button>
    </div>
  </div>,
  "debug": [Function],
  "findAllByAltText": [Function],
  "findAllByDisplayValue": [Function],
  "findAllByLabelText": [Function],
  "findAllByPlaceholderText": [Function],
  "findAllByRole": [Function],
  "findAllByTestId": [Function],
  "findAllByText": [Function],
  "findAllByTitle": [Function],
  "findByAltText": [Function],
  "findByDisplayValue": [Function],
  "findByLabelText": [Function],
  "findByPlaceholderText": [Function],
  "findByRole": [Function],
  "findByTestId": [Function],
  "findByText": [Function],
  "findByTitle": [Function],
  "getAllByAltText": [Function],
  "getAllByDisplayValue": [Function],
  "getAllByLabelText": [Function],
  "getAllByPlaceholderText": [Function],
  "getAllByRole": [Function],
  "getAllByTestId": [Function],
  "getAllByText": [Function],
  "getAllByTitle": [Function],
  "getByAltText": [Function],
  "getByDisplayValue": [Function],
  "getByLabelText": [Function],
  "getByPlaceholderText": [Function],
  "getByRole": [Function],
  "getByTestId": [Function],
  "getByText": [Function],
  "getByTitle": [Function],
  "queryAllByAltText": [Function],
  "queryAllByDisplayValue": [Function],
  "queryAllByLabelText": [Function],
  "queryAllByPlaceholderText": [Function],
  "queryAllByRole": [Function],
  "queryAllByTestId": [Function],
  "queryAllByText": [Function],
  "queryAllByTitle": [Function],
  "queryByAltText": [Function],
  "queryByDisplayValue": [Function],
  "queryByLabelText": [Function],
  "queryByPlaceholderText": [Function],
  "queryByRole": [Function],
  "queryByTestId": [Function],
  "queryByText": [Function],
  "queryByTitle": [Function],
  "rerender": [Function],
  "unmount": [Function],
}
`;
